// Jest Snapshot v1, https://goo.gl/fbAQLP

exports[`Test exrecise index renders correctly 1`] = `null`;
