// Jest Snapshot v1, https://goo.gl/fbAQLP

exports[`Test excercise renders correctlyu 1`] = `null`;
