// Jest Snapshot v1, https://goo.gl/fbAQLP

exports[`Test bredcrumb renders correctly 1`] = `
<nav
  aria-label="breadcrumb"
  className="chakra-breadcrumb css-0"
>
  <ol
    className="chakra-breadcrumb__list css-70qvj9"
  >
    <li
      className="chakra-breadcrumb__list-item css-18biwo"
    >
      <a
        className="chakra-breadcrumb__link css-0"
        href="/"
      >
        <p
          className="chakra-text css-735bf1"
        >
          Home
        </p>
      </a>
    </li>
  </ol>
</nav>
`;
