// Jest Snapshot v1, https://goo.gl/fbAQLP

exports[`Test layout renders correctlyu 1`] = `null`;
