// Jest Snapshot v1, https://goo.gl/fbAQLP

exports[`Test manu renders correctlyu 1`] = `
<div
  className="chakra-stack css-7nrznn"
>
  <p
    className="chakra-text css-199kdpe"
  >
    hello
  </p>
  <hr
    aria-orientation="horizontal"
    className="chakra-divider css-1x4iw6"
  />
</div>
`;
